<html>
<body>
<pre>
<h1>µVision Build Log</h1>
<h2>Tool Versions:</h2>
IDE-Version: µVision V5.41.0.0
Copyright (C) 2024 ARM Ltd and ARM Germany GmbH. All rights reserved.
License Information: Josefine Nyholm, Kungliga Tekniska Högskolan, LIC=----
 
Tool Versions:
Toolchain:       MDK-Lite  Version: 5.41.0.0
Toolchain Path:  C:\Users\josef\AppData\Local\Keil_v5\ARM\ARMCLANG\Bin
C Compiler:      ArmClang.exe V6.22
Assembler:       Armasm.exe V6.22
Linker/Locator:  ArmLink.exe V6.22
Library Manager: ArmAr.exe V6.22
Hex Converter:   FromElf.exe V6.22
CPU DLL:         SARMCM3.DLL V5.41.0.0
Dialog DLL:      DCM.DLL V1.17.5.0
Target DLL:      STLink\ST-LINKIII-KEIL_SWO.dll V3.3.0.0
Dialog DLL:      TCM.DLL V1.56.4.0
 
<h2>Project:</h2>
C:\Users\josef\Desktop\KTH\MF2103\Project\ConfigAndInit\ConfigAndInit.uvprojx
Project File Date:  01/20/2026

<h2>Output:</h2>
*** Using Compiler 'V6.22', folder: 'C:\Users\josef\AppData\Local\Keil_v5\ARM\ARMCLANG\Bin'
Build target 'Default'
compiling stm32l4xx_hal_dma_ex.c...
compiling peripherals.c...
compiling retarget_io.c...
compiling controller.c...
compiling application.c...
compiling stm32l4xx_it.c...
compiling main.c...
compiling stm32l4xx_hal.c...
compiling stm32l4xx_hal_pwr.c...
compiling stm32l4xx_hal_gpio.c...
compiling stm32l4xx_hal_cortex.c...
compiling stm32l4xx_hal_pwr_ex.c...
compiling stm32l4xx_hal_dma.c...
compiling stm32l4xx_hal_rcc.c...
compiling stm32l4xx_hal_rcc_ex.c...
compiling stm32l4xx_hal_msp.c...
assembling startup_stm32l476xx.s...
compiling system_stm32l4xx.c...
compiling stm32l4xx_hal_tim_ex.c...
compiling stm32l4xx_hal_tim.c...
linking...
Program Size: Code=11774 RO-data=490 RW-data=12 ZI-data=1200  
".\Objects\ConfigAndInit.axf" - 0 Error(s), 0 Warning(s).

<h2>Software Packages used:</h2>

Package Vendor: ARM
                https://www.keil.com/pack/ARM.CMSIS.6.1.0.pack
                ARM::CMSIS@6.1.0
                CMSIS (Common Microcontroller Software Interface Standard)
   * Component: CORE Version: 6.1.0

Package Vendor: Keil
                https://www.keil.com/pack/Keil.ARM_Compiler.1.7.2.pack
                Keil::ARM_Compiler@1.7.2
                Keil ARM Compiler extensions for ARM Compiler 5 and ARM Compiler 6
   * Component: STDOUT Variant: ITM Version: 1.2.0

Package Vendor: Keil
                project-path/Keil.FrameworkCubeMX.1.0.0.pack
                Keil::FrameworkCubeMX@1.0.0
                STM32CubeMX generated pack description
   * Component: STM32CubeMX Version: 1.1.0

Package Vendor: Keil
                https://www.keil.com/pack/Keil.STM32L4xx_DFP.2.7.0.pack
                Keil::STM32L4xx_DFP@2.7.0
                STMicroelectronics STM32L4 Series Device Support, Drivers and Examples
   * Component: STM32Cube Framework Version: 1.1.0
   * Component: Common Version: 1.13.4
   * Component: Cortex Version: 1.13.4
   * Component: DMA Version: 1.13.4
   * Component: GPIO Version: 1.13.4
   * Component: PWR Version: 1.13.4
   * Component: RCC Version: 1.13.4
   * Component: TIM Version: 1.13.4
   * Component: Startup Version: 1.3.2

<h2>Collection of Component include folders:</h2>
  ./RTE/Device/STM32L476RGTx
  ./RTE/Device/STM32L476RGTx/STCubeGenerated
  ./RTE/Device/STM32L476RGTx/STCubeGenerated/Inc
  ./RTE/_Default
  C:/Users/josef/AppData/Local/Arm/Packs/ARM/CMSIS/6.1.0/CMSIS/Core/Include
  C:/Users/josef/AppData/Local/Arm/Packs/Keil/STM32L4xx_DFP/2.7.0/Drivers/CMSIS/Device/ST/STM32L4xx/Include
  C:/Users/josef/AppData/Local/Arm/Packs/Keil/STM32L4xx_DFP/2.7.0/Drivers/STM32L4xx_HAL_Driver/Inc
  C:/Users/josef/AppData/Local/Arm/Packs/Keil/STM32L4xx_DFP/2.7.0/Drivers/STM32L4xx_HAL_Driver/Inc/Legacy

<h2>Collection of Component Files used:</h2>

   * Component: ::Device:STM32Cube Framework(API)@1.1.0

   * Component: ARM::CMSIS:CORE@6.1.0

   * Component: Keil::Compiler&ARM Compiler:I/O:STDOUT&ITM@1.2.0
      Source file:   Source/retarget_io.c

   * Component: Keil::Device:STM32Cube Framework:STM32CubeMX@1.1.0
      Include file:  STCubeGenerated/Inc/stm32l4xx_hal_conf.h
      Source file:   STCubeGenerated/Src/stm32l4xx_hal_msp.c
      Include file:  MX_Device.h

   * Component: Keil::Device:STM32Cube HAL:Common@1.13.4
      Include file:  Drivers/STM32L4xx_HAL_Driver/Inc/stm32l4xx_hal.h
      Source file:   Drivers/STM32L4xx_HAL_Driver/Src/stm32l4xx_hal.c

   * Component: Keil::Device:STM32Cube HAL:Cortex@1.13.4
      Source file:   Drivers/STM32L4xx_HAL_Driver/Src/stm32l4xx_hal_cortex.c

   * Component: Keil::Device:STM32Cube HAL:DMA@1.13.4
      Source file:   Drivers/STM32L4xx_HAL_Driver/Src/stm32l4xx_hal_dma.c
      Source file:   Drivers/STM32L4xx_HAL_Driver/Src/stm32l4xx_hal_dma_ex.c

   * Component: Keil::Device:STM32Cube HAL:GPIO@1.13.4
      Source file:   Drivers/STM32L4xx_HAL_Driver/Src/stm32l4xx_hal_gpio.c

   * Component: Keil::Device:STM32Cube HAL:PWR@1.13.4
      Source file:   Drivers/STM32L4xx_HAL_Driver/Src/stm32l4xx_hal_pwr.c
      Source file:   Drivers/STM32L4xx_HAL_Driver/Src/stm32l4xx_hal_pwr_ex.c

   * Component: Keil::Device:STM32Cube HAL:RCC@1.13.4
      Source file:   Drivers/STM32L4xx_HAL_Driver/Src/stm32l4xx_hal_rcc_ex.c
      Source file:   Drivers/STM32L4xx_HAL_Driver/Src/stm32l4xx_hal_rcc.c

   * Component: Keil::Device:STM32Cube HAL:TIM@1.13.4
      Source file:   Drivers/STM32L4xx_HAL_Driver/Src/stm32l4xx_hal_tim.c
      Source file:   Drivers/STM32L4xx_HAL_Driver/Src/stm32l4xx_hal_tim_ex.c

   * Component: Keil::Device:Startup@1.3.2
      Include file:  Drivers/CMSIS/Device/ST/STM32L4xx/Include/stm32l4xx.h
      Source file:   Drivers/CMSIS/Device/ST/STM32L4xx/Source/Templates/arm/startup_stm32l476xx.s
      Source file:   MDK/Device/Source/ARM/STM32L4xx_DB_OPT.s
      Source file:   Drivers/CMSIS/Device/ST/STM32L4xx/Source/Templates/system_stm32l4xx.c
Build Time Elapsed:  00:00:03
</pre>
</body>
</html>
